C:/HeNhung/MyApplication/Core/Src/main.c:1037:13:SPI5_Write	1
C:/HeNhung/MyApplication/Core/Src/main.c:157:10:ReadJoystickX	1
C:/HeNhung/MyApplication/Core/Src/main.c:165:10:ReadJoystickY	1
C:/HeNhung/MyApplication/Core/Src/main.c:1140:6:StartDefaultTask	5
C:/HeNhung/MyApplication/Core/Src/main.c:286:6:SystemClock_Config	1
C:/HeNhung/MyApplication/Core/Src/main.c:187:5:main	2
C:/HeNhung/MyApplication/Core/Src/main.c:893:6:IOE_Init	1
C:/HeNhung/MyApplication/Core/Src/main.c:901:6:IOE_ITConfig	1
C:/HeNhung/MyApplication/Core/Src/main.c:912:6:IOE_Write	1
C:/HeNhung/MyApplication/Core/Src/main.c:922:9:IOE_Read	1
C:/HeNhung/MyApplication/Core/Src/main.c:934:10:IOE_ReadMultiple	1
C:/HeNhung/MyApplication/Core/Src/main.c:943:6:IOE_Delay	1
C:/HeNhung/MyApplication/Core/Src/main.c:1059:6:LCD_IO_Init	1
C:/HeNhung/MyApplication/Core/Src/main.c:1068:6:LCD_IO_WriteData	1
C:/HeNhung/MyApplication/Core/Src/main.c:1083:6:LCD_IO_WriteReg	1
C:/HeNhung/MyApplication/Core/Src/main.c:1101:10:LCD_IO_ReadData	1
C:/HeNhung/MyApplication/Core/Src/main.c:1127:6:LCD_Delay	1
C:/HeNhung/MyApplication/Core/Src/main.c:1189:6:HAL_TIM_PeriodElapsedCallback	2
C:/HeNhung/MyApplication/Core/Src/main.c:1207:6:Error_Handler	1
